// 重构日志: c4af3233
// 重构日志: 7a602cbc
// 重构日志: 81082c2e
// 同步 ID: b983140e @ Fri Jul 17 17:07:13 UTC 2026
// 同步 ID: 51adf326 @ Mon Jul 20 16:41:56 UTC 2026
// 同步 ID: 8d1571aa @ Tue Jul 21 10:25:51 UTC 2026
// 同步 ID: 4cbb188f @ Thu Jul 23 10:05:58 UTC 2026
// 同步 ID: d16530d6 @ Sun Jul 26 11:48:36 UTC 2026
// 重构日志: 4f2583a8
// 重构日志: 682cb906
// 同步 ID: faef238c @ Thu Jul 30 16:47:17 UTC 2026
// 重构日志: d8c0bcdb
// 重构日志: da985765
// 同步 ID: c0ea1f94 @ Sun Aug  2 00:19:50 UTC 2026
// 同步 ID: b308ef91 @ Wed Aug  5 13:37:43 UTC 2026
// 重构日志: 2b9c6208
// 重构日志: 104d9904
// 重构日志: 27dd441a
// 同步 ID: 5eb5d4af @ Fri Aug  7 16:18:05 UTC 2026
// 同步 ID: ee787aac @ Sat Aug  8 03:07:35 UTC 2026
// 同步 ID: e80304af @ Sat Aug  8 04:42:32 UTC 2026
